[2025-05-01T06:34:17.532Z] [INFO] 開始更新 6 個應用程式 (/) 指令。
[2025-05-01T06:34:17.535Z] [INFO] 事件已載入: interactionCreate
[2025-05-01T06:34:17.536Z] [INFO] 事件已載入: ready
[2025-05-01T06:34:18.122Z] [INFO] 成功更新應用程式 (/) 指令，共載入 6 個指令。
[2025-05-01T06:34:18.812Z] [INFO] 已登入為 LiveATC#9055
[2025-05-01T06:38:10.027Z] [INFO] Successfully joined 96k in guild 1189210353935077387
[2025-05-01T06:38:22.314Z] [INFO] Connection destroyed for guild 1189210353935077387, cleaning up.
[2025-05-01T06:38:22.315Z] [INFO] Destroyed voice connection for guild 1189210353935077387.
[2025-05-01T06:39:06.094Z] [INFO] Successfully joined 96k in guild 1189210353935077387
[2025-05-01T06:41:10.194Z] [INFO] 開始更新 6 個應用程式 (/) 指令。
[2025-05-01T06:41:10.199Z] [INFO] 事件已載入: interactionCreate
[2025-05-01T06:41:10.200Z] [INFO] 事件已載入: ready
[2025-05-01T06:41:10.717Z] [INFO] 成功更新應用程式 (/) 指令，共載入 6 個指令。
[2025-05-01T06:41:11.501Z] [INFO] 已登入為 LiveATC#9055
[2025-05-01T06:41:39.767Z] [INFO] Successfully joined 96k in guild 1189210353935077387
[2025-05-01T06:44:52.850Z] [INFO] Connection destroyed for guild 1189210353935077387, cleaning up.
[2025-05-01T06:44:52.851Z] [INFO] Destroyed voice connection for guild 1189210353935077387.
[2025-05-01T06:45:57.113Z] [INFO] 開始更新 6 個應用程式 (/) 指令。
[2025-05-01T06:45:57.117Z] [INFO] 事件已載入: interactionCreate
[2025-05-01T06:45:57.118Z] [INFO] 事件已載入: ready
[2025-05-01T06:45:57.673Z] [INFO] 成功更新應用程式 (/) 指令，共載入 6 個指令。
[2025-05-01T06:45:58.443Z] [INFO] 已登入為 LiveATC#9055
[2025-05-01T06:46:24.215Z] [INFO] Successfully joined 96k in guild 1189210353935077387
[2025-05-01T06:46:38.437Z] [INFO] Connection destroyed for guild 1189210353935077387, cleaning up.
[2025-05-01T06:46:38.438Z] [INFO] Destroyed voice connection for guild 1189210353935077387.
